Partition Merge report for ProjetoFinal
Tue Jul 02 10:34:29 2024
Quartus II 64-Bit Version 13.0.1 Build 232 06/12/2013 Service Pack 1 SJ Web Edition


---------------------
; Table of Contents ;
---------------------
  1. Legal Notice
  2. Partition Merge Summary
  3. Partition Merge Netlist Types Used
  4. Connections to In-System Debugging Instance "auto_signaltap_0"
  5. Partition Merge Partition Statistics
  6. Partition Merge Partition Pin Processing
  7. Partition Merge Resource Usage Summary
  8. Partition Merge RAM Summary
  9. Partition Merge Messages



----------------
; Legal Notice ;
----------------
Copyright (C) 1991-2013 Altera Corporation
Your use of Altera Corporation's design tools, logic functions 
and other software and tools, and its AMPP partner logic 
functions, and any output files from any of the foregoing 
(including device programming or simulation files), and any 
associated documentation or information are expressly subject 
to the terms and conditions of the Altera Program License 
Subscription Agreement, Altera MegaCore Function License 
Agreement, or other applicable license agreement, including, 
without limitation, that your use is for the sole purpose of 
programming logic devices manufactured by Altera and sold by 
Altera or its authorized distributors.  Please refer to the 
applicable agreement for further details.



+--------------------------------------------------------------------------------------+
; Partition Merge Summary                                                              ;
+------------------------------------+-------------------------------------------------+
; Partition Merge Status             ; Successful - Tue Jul 02 10:34:29 2024           ;
; Quartus II 64-Bit Version          ; 13.0.1 Build 232 06/12/2013 SP 1 SJ Web Edition ;
; Revision Name                      ; ProjetoFinal                                    ;
; Top-level Entity Name              ; ButtonSync                                      ;
; Family                             ; Cyclone III                                     ;
; Total logic elements               ; 666                                             ;
;     Total combinational functions  ; 398                                             ;
;     Dedicated logic registers      ; 504                                             ;
; Total registers                    ; 504                                             ;
; Total pins                         ; 9                                               ;
; Total virtual pins                 ; 0                                               ;
; Total memory bits                  ; 3,840                                           ;
; Embedded Multiplier 9-bit elements ; 0                                               ;
; Total PLLs                         ; 0                                               ;
+------------------------------------+-------------------------------------------------+


+-------------------------------------------------------------------------------------------------------------------------------+
; Partition Merge Netlist Types Used                                                                                            ;
+--------------------------------+----------------+-------------------+------------------------+--------------------------------+
; Partition Name                 ; Partition Type ; Netlist Type Used ; Netlist Type Requested ; Partition Contents             ;
+--------------------------------+----------------+-------------------+------------------------+--------------------------------+
; Top                            ; User-created   ; Source File       ; Source File            ;                                ;
; sld_hub:auto_hub               ; Auto-generated ; Post-Synthesis    ; Post-Synthesis         ; sld_hub:auto_hub               ;
; sld_signaltap:auto_signaltap_0 ; Auto-generated ; Post-Synthesis    ; Post-Synthesis         ; sld_signaltap:auto_signaltap_0 ;
; hard_block:auto_generated_inst ; Auto-generated ; Source File       ; Source File            ; hard_block:auto_generated_inst ;
+--------------------------------+----------------+-------------------+------------------------+--------------------------------+


+------------------------------------------------------------------------------------------------------------------------------------+
; Connections to In-System Debugging Instance "auto_signaltap_0"                                                                     ;
+-------------------------+--------------+-----------+----------------+-------------------+--------------------------------+---------+
; Name                    ; Type         ; Status    ; Partition Name ; Netlist Type Used ; Actual Connection              ; Details ;
+-------------------------+--------------+-----------+----------------+-------------------+--------------------------------+---------+
; BTN0                    ; post-fitting ; connected ; Top            ; post-synthesis    ; btn0state.SaidaAtiva~_wirecell ; N/A     ;
; BTN0                    ; post-fitting ; connected ; Top            ; post-synthesis    ; btn0state.SaidaAtiva~_wirecell ; N/A     ;
; BTN1                    ; post-fitting ; connected ; Top            ; post-synthesis    ; btn1state.SaidaAtiva~_wirecell ; N/A     ;
; BTN1                    ; post-fitting ; connected ; Top            ; post-synthesis    ; btn1state.SaidaAtiva~_wirecell ; N/A     ;
; BTN2                    ; post-fitting ; connected ; Top            ; post-synthesis    ; btn2state.SaidaAtiva~_wirecell ; N/A     ;
; BTN2                    ; post-fitting ; connected ; Top            ; post-synthesis    ; btn2state.SaidaAtiva~_wirecell ; N/A     ;
; BTN3                    ; post-fitting ; connected ; Top            ; post-synthesis    ; btn3state.SaidaAtiva~_wirecell ; N/A     ;
; BTN3                    ; post-fitting ; connected ; Top            ; post-synthesis    ; btn3state.SaidaAtiva~_wirecell ; N/A     ;
; CLK                     ; post-fitting ; connected ; Top            ; post-synthesis    ; CLK                            ; N/A     ;
; KEY0                    ; post-fitting ; connected ; Top            ; post-synthesis    ; KEY0                           ; N/A     ;
; KEY0                    ; post-fitting ; connected ; Top            ; post-synthesis    ; KEY0                           ; N/A     ;
; KEY1                    ; post-fitting ; connected ; Top            ; post-synthesis    ; KEY1                           ; N/A     ;
; KEY1                    ; post-fitting ; connected ; Top            ; post-synthesis    ; KEY1                           ; N/A     ;
; KEY2                    ; post-fitting ; connected ; Top            ; post-synthesis    ; KEY2                           ; N/A     ;
; KEY2                    ; post-fitting ; connected ; Top            ; post-synthesis    ; KEY2                           ; N/A     ;
; btn0state.EsperaApertar ; post-fitting ; connected ; Top            ; post-synthesis    ; btn0state.EsperaApertar        ; N/A     ;
; btn0state.EsperaApertar ; post-fitting ; connected ; Top            ; post-synthesis    ; btn0state.EsperaApertar        ; N/A     ;
; btn0state.SaidaAtiva    ; post-fitting ; connected ; Top            ; post-synthesis    ; btn0state.SaidaAtiva           ; N/A     ;
; btn0state.SaidaAtiva    ; post-fitting ; connected ; Top            ; post-synthesis    ; btn0state.SaidaAtiva           ; N/A     ;
; btn1state.EsperaApertar ; post-fitting ; connected ; Top            ; post-synthesis    ; btn1state.EsperaApertar        ; N/A     ;
; btn1state.EsperaApertar ; post-fitting ; connected ; Top            ; post-synthesis    ; btn1state.EsperaApertar        ; N/A     ;
; btn1state.SaidaAtiva    ; post-fitting ; connected ; Top            ; post-synthesis    ; btn1state.SaidaAtiva           ; N/A     ;
; btn1state.SaidaAtiva    ; post-fitting ; connected ; Top            ; post-synthesis    ; btn1state.SaidaAtiva           ; N/A     ;
; btn2state.EsperaApertar ; post-fitting ; connected ; Top            ; post-synthesis    ; btn2state.EsperaApertar        ; N/A     ;
; btn2state.EsperaApertar ; post-fitting ; connected ; Top            ; post-synthesis    ; btn2state.EsperaApertar        ; N/A     ;
; btn2state.SaidaAtiva    ; post-fitting ; connected ; Top            ; post-synthesis    ; btn2state.SaidaAtiva           ; N/A     ;
; btn2state.SaidaAtiva    ; post-fitting ; connected ; Top            ; post-synthesis    ; btn2state.SaidaAtiva           ; N/A     ;
; btn3state.EsperaApertar ; post-fitting ; connected ; Top            ; post-synthesis    ; btn3state.EsperaApertar        ; N/A     ;
; btn3state.EsperaApertar ; post-fitting ; connected ; Top            ; post-synthesis    ; btn3state.EsperaApertar        ; N/A     ;
; btn3state.SaidaAtiva    ; post-fitting ; connected ; Top            ; post-synthesis    ; btn3state.SaidaAtiva           ; N/A     ;
; btn3state.SaidaAtiva    ; post-fitting ; connected ; Top            ; post-synthesis    ; btn3state.SaidaAtiva           ; N/A     ;
+-------------------------+--------------+-----------+----------------+-------------------+--------------------------------+---------+


+----------------------------------------------------------------------------------------------------------------------------------------+
; Partition Merge Partition Statistics                                                                                                   ;
+---------------------------------------------+-----+------------------+--------------------------------+--------------------------------+
; Statistic                                   ; Top ; sld_hub:auto_hub ; sld_signaltap:auto_signaltap_0 ; hard_block:auto_generated_inst ;
+---------------------------------------------+-----+------------------+--------------------------------+--------------------------------+
; Estimated Total logic elements              ; 13  ; 145              ; 512                            ; 0                              ;
;                                             ;     ;                  ;                                ;                                ;
; Total combinational functions               ; 13  ; 121              ; 264                            ; 0                              ;
; Logic element usage by number of LUT inputs ;     ;                  ;                                ;                                ;
;     -- 4 input functions                    ; 0   ; 50               ; 107                            ; 0                              ;
;     -- 3 input functions                    ; 0   ; 32               ; 95                             ; 0                              ;
;     -- <=2 input functions                  ; 13  ; 39               ; 62                             ; 0                              ;
;                                             ;     ;                  ;                                ;                                ;
; Logic elements by mode                      ;     ;                  ;                                ;                                ;
;     -- normal mode                          ; 13  ; 113              ; 225                            ; 0                              ;
;     -- arithmetic mode                      ; 0   ; 8                ; 39                             ; 0                              ;
;                                             ;     ;                  ;                                ;                                ;
; Total registers                             ; 8   ; 86               ; 410                            ; 0                              ;
;     -- Dedicated logic registers            ; 8   ; 86               ; 410                            ; 0                              ;
;                                             ;     ;                  ;                                ;                                ;
; Virtual pins                                ; 0   ; 0                ; 0                              ; 0                              ;
; I/O pins                                    ; 9   ; 0                ; 0                              ; 0                              ;
; Embedded Multiplier 9-bit elements          ; 0   ; 0                ; 0                              ; 0                              ;
; Total memory bits                           ; 0   ; 0                ; 3840                           ; 0                              ;
; Total RAM block bits                        ; 0   ; 0                ; 0                              ; 0                              ;
; JTAG                                        ; 1   ; 0                ; 0                              ; 0                              ;
;                                             ;     ;                  ;                                ;                                ;
; Connections                                 ;     ;                  ;                                ;                                ;
;     -- Input Connections                    ; 1   ; 127              ; 579                            ; 0                              ;
;     -- Registered Input Connections         ; 0   ; 97               ; 460                            ; 0                              ;
;     -- Output Connections                   ; 592 ; 114              ; 1                              ; 0                              ;
;     -- Registered Output Connections        ; 16  ; 113              ; 0                              ; 0                              ;
;                                             ;     ;                  ;                                ;                                ;
; Internal Connections                        ;     ;                  ;                                ;                                ;
;     -- Total Connections                    ; 646 ; 763              ; 2377                           ; 0                              ;
;     -- Registered Connections               ; 28  ; 539              ; 1565                           ; 0                              ;
;                                             ;     ;                  ;                                ;                                ;
; External Connections                        ;     ;                  ;                                ;                                ;
;     -- Top                                  ; 0   ; 119              ; 474                            ; 0                              ;
;     -- sld_hub:auto_hub                     ; 119 ; 16               ; 106                            ; 0                              ;
;     -- sld_signaltap:auto_signaltap_0       ; 474 ; 106              ; 0                              ; 0                              ;
;     -- hard_block:auto_generated_inst       ; 0   ; 0                ; 0                              ; 0                              ;
;                                             ;     ;                  ;                                ;                                ;
; Partition Interface                         ;     ;                  ;                                ;                                ;
;     -- Input Ports                          ; 8   ; 19               ; 87                             ; 0                              ;
;     -- Output Ports                         ; 5   ; 37               ; 40                             ; 0                              ;
;     -- Bidir Ports                          ; 0   ; 0                ; 0                              ; 0                              ;
;                                             ;     ;                  ;                                ;                                ;
; Registered Ports                            ;     ;                  ;                                ;                                ;
;     -- Registered Input Ports               ; 0   ; 4                ; 35                             ; 0                              ;
;     -- Registered Output Ports              ; 0   ; 26               ; 31                             ; 0                              ;
;                                             ;     ;                  ;                                ;                                ;
; Port Connectivity                           ;     ;                  ;                                ;                                ;
;     -- Input Ports driven by GND            ; 0   ; 1                ; 0                              ; 0                              ;
;     -- Output Ports driven by GND           ; 0   ; 1                ; 0                              ; 0                              ;
;     -- Input Ports driven by VCC            ; 0   ; 0                ; 0                              ; 0                              ;
;     -- Output Ports driven by VCC           ; 0   ; 0                ; 0                              ; 0                              ;
;     -- Input Ports with no Source           ; 0   ; 1                ; 35                             ; 0                              ;
;     -- Output Ports with no Source          ; 0   ; 0                ; 0                              ; 0                              ;
;     -- Input Ports with no Fanout           ; 0   ; 2                ; 40                             ; 0                              ;
;     -- Output Ports with no Fanout          ; 0   ; 15               ; 31                             ; 0                              ;
+---------------------------------------------+-----+------------------+--------------------------------+--------------------------------+
Note: Resource usage numbers presented for Partitions containing post-synthesis logic are estimates.  For Partitions containing post-fit logic, resource usage numbers are accurate based on previous placement information.  Actual Fitter results may vary depending on current Fitter Preservation Level assignments.


+----------------------------------------------------------------------------------------+
; Partition Merge Partition Pin Processing                                               ;
+-----------------------------------+-----------+---------------+----------+-------------+
; Name                              ; Partition ; Type          ; Location ; Status      ;
+-----------------------------------+-----------+---------------+----------+-------------+
; BTN0                              ; Top       ; Output Port   ; n/a      ;             ;
;     -- BTN0                       ; Top       ; Output Pad    ; Unplaced ; Synthesized ;
;     -- BTN0~output                ; Top       ; Output Buffer ; Unplaced ; Synthesized ;
;                                   ;           ;               ;          ;             ;
; BTN1                              ; Top       ; Output Port   ; n/a      ;             ;
;     -- BTN1                       ; Top       ; Output Pad    ; Unplaced ; Synthesized ;
;     -- BTN1~output                ; Top       ; Output Buffer ; Unplaced ; Synthesized ;
;                                   ;           ;               ;          ;             ;
; BTN2                              ; Top       ; Output Port   ; n/a      ;             ;
;     -- BTN2                       ; Top       ; Output Pad    ; Unplaced ; Synthesized ;
;     -- BTN2~output                ; Top       ; Output Buffer ; Unplaced ; Synthesized ;
;                                   ;           ;               ;          ;             ;
; BTN3                              ; Top       ; Output Port   ; n/a      ;             ;
;     -- BTN3                       ; Top       ; Output Pad    ; Unplaced ; Synthesized ;
;     -- BTN3~output                ; Top       ; Output Buffer ; Unplaced ; Synthesized ;
;                                   ;           ;               ;          ;             ;
; CLK                               ; Top       ; Input Port    ; n/a      ;             ;
;     -- CLK                        ; Top       ; Input Pad     ; Unplaced ; Synthesized ;
;     -- CLK~input                  ; Top       ; Input Buffer  ; Unplaced ; Synthesized ;
;                                   ;           ;               ;          ;             ;
; KEY0                              ; Top       ; Input Port    ; n/a      ;             ;
;     -- KEY0                       ; Top       ; Input Pad     ; Unplaced ; Synthesized ;
;     -- KEY0~input                 ; Top       ; Input Buffer  ; Unplaced ; Synthesized ;
;                                   ;           ;               ;          ;             ;
; KEY1                              ; Top       ; Input Port    ; n/a      ;             ;
;     -- KEY1                       ; Top       ; Input Pad     ; Unplaced ; Synthesized ;
;     -- KEY1~input                 ; Top       ; Input Buffer  ; Unplaced ; Synthesized ;
;                                   ;           ;               ;          ;             ;
; KEY2                              ; Top       ; Input Port    ; n/a      ;             ;
;     -- KEY2                       ; Top       ; Input Pad     ; Unplaced ; Synthesized ;
;     -- KEY2~input                 ; Top       ; Input Buffer  ; Unplaced ; Synthesized ;
;                                   ;           ;               ;          ;             ;
; KEY3                              ; Top       ; Input Port    ; n/a      ;             ;
;     -- KEY3                       ; Top       ; Input Pad     ; Unplaced ; Synthesized ;
;     -- KEY3~input                 ; Top       ; Input Buffer  ; Unplaced ; Synthesized ;
;                                   ;           ;               ;          ;             ;
; altera_reserved_tck               ; Top       ; Input Port    ; n/a      ;             ;
;     -- altera_reserved_tck        ; Top       ; Input Pad     ; Unplaced ; Synthesized ;
;     -- altera_reserved_tck~input  ; Top       ; Input Buffer  ; Unplaced ; Synthesized ;
;                                   ;           ;               ;          ;             ;
; altera_reserved_tdi               ; Top       ; Input Port    ; n/a      ;             ;
;     -- altera_reserved_tdi        ; Top       ; Input Pad     ; Unplaced ; Synthesized ;
;     -- altera_reserved_tdi~input  ; Top       ; Input Buffer  ; Unplaced ; Synthesized ;
;                                   ;           ;               ;          ;             ;
; altera_reserved_tdo               ; Top       ; Output Port   ; n/a      ;             ;
;     -- altera_reserved_tdo        ; Top       ; Output Pad    ; Unplaced ; Synthesized ;
;     -- altera_reserved_tdo~output ; Top       ; Output Buffer ; Unplaced ; Synthesized ;
;                                   ;           ;               ;          ;             ;
; altera_reserved_tms               ; Top       ; Input Port    ; n/a      ;             ;
;     -- altera_reserved_tms        ; Top       ; Input Pad     ; Unplaced ; Synthesized ;
;     -- altera_reserved_tms~input  ; Top       ; Input Buffer  ; Unplaced ; Synthesized ;
;                                   ;           ;               ;          ;             ;
+-----------------------------------+-----------+---------------+----------+-------------+


+------------------------------------------------------------------------+
; Partition Merge Resource Usage Summary                                 ;
+---------------------------------------------+--------------------------+
; Resource                                    ; Usage                    ;
+---------------------------------------------+--------------------------+
; Estimated Total logic elements              ; 666                      ;
;                                             ;                          ;
; Total combinational functions               ; 398                      ;
; Logic element usage by number of LUT inputs ;                          ;
;     -- 4 input functions                    ; 157                      ;
;     -- 3 input functions                    ; 127                      ;
;     -- <=2 input functions                  ; 114                      ;
;                                             ;                          ;
; Logic elements by mode                      ;                          ;
;     -- normal mode                          ; 351                      ;
;     -- arithmetic mode                      ; 47                       ;
;                                             ;                          ;
; Total registers                             ; 504                      ;
;     -- Dedicated logic registers            ; 504                      ;
;     -- I/O registers                        ; 0                        ;
;                                             ;                          ;
; I/O pins                                    ; 9                        ;
; Total memory bits                           ; 3840                     ;
; Embedded Multiplier 9-bit elements          ; 0                        ;
; Maximum fan-out node                        ; altera_internal_jtag~TDO ;
; Maximum fan-out                             ; 304                      ;
; Total fan-out                               ; 3060                     ;
; Average fan-out                             ; 3.24                     ;
+---------------------------------------------+--------------------------+


+-----------------------------------------------------------------------------------------------------------------------------------------------------------------------------------------------------------------------------------------------------------------------------------------------------------+
; Partition Merge RAM Summary                                                                                                                                                                                                                                                                               ;
+-------------------------------------------------------------------------------------------------------------------------------------------------------------------------------------------------------+------+------------------+--------------+--------------+--------------+--------------+------+------+
; Name                                                                                                                                                                                                  ; Type ; Mode             ; Port A Depth ; Port A Width ; Port B Depth ; Port B Width ; Size ; MIF  ;
+-------------------------------------------------------------------------------------------------------------------------------------------------------------------------------------------------------+------+------------------+--------------+--------------+--------------+--------------+------+------+
; sld_signaltap:auto_signaltap_0|sld_signaltap_impl:sld_signaltap_body|sld_signaltap_implb:sld_signaltap_body|altsyncram:\stp_non_zero_ram_gen:stp_buffer_ram|altsyncram_5t14:auto_generated|ALTSYNCRAM ; AUTO ; Simple Dual Port ; 256          ; 15           ; 256          ; 15           ; 3840 ; None ;
+-------------------------------------------------------------------------------------------------------------------------------------------------------------------------------------------------------+------+------------------+--------------+--------------+--------------+--------------+------+------+


+--------------------------+
; Partition Merge Messages ;
+--------------------------+
Info: *******************************************************************
Info: Running Quartus II 64-Bit Partition Merge
    Info: Version 13.0.1 Build 232 06/12/2013 Service Pack 1 SJ Web Edition
    Info: Processing started: Tue Jul 02 10:34:26 2024
Info: Command: quartus_cdb --read_settings_files=off --write_settings_files=off ProjetoFinal_prj -c ProjetoFinal --merge=on
Info (35007): Using synthesis netlist for partition "Top"
Info (35007): Using synthesis netlist for partition "sld_hub:auto_hub"
Info (35007): Using synthesis netlist for partition "sld_signaltap:auto_signaltap_0"
Info (35024): Succesfully connected in-system debug instance "auto_signaltap_0" to all 31 required data inputs, trigger inputs, acquisition clocks, and dynamic pins
Info (35002): Resolved and merged 3 partition(s)
Info (16010): Generating hard_block partition "hard_block:auto_generated_inst"
    Info (16011): Adding 0 node(s), including 0 DDIO, 0 PLL, 0 transceiver and 0 LCELL
Info (21057): Implemented 711 device resources after synthesis - the final resource count might be different
    Info (21058): Implemented 8 input pins
    Info (21059): Implemented 5 output pins
    Info (21061): Implemented 682 logic cells
    Info (21064): Implemented 15 RAM segments
Info: Quartus II 64-Bit Partition Merge was successful. 0 errors, 0 warnings
    Info: Peak virtual memory: 4639 megabytes
    Info: Processing ended: Tue Jul 02 10:34:29 2024
    Info: Elapsed time: 00:00:03
    Info: Total CPU time (on all processors): 00:00:02


